TAP version 13
ok 1 - Scaffold_Cache_FileTest::Set_and_get_the_contents
ok 2 - Scaffold_Cache_FileTest::Find_foo
ok 3 - Scaffold_Cache_FileTest::Checks_if_foo_exists
ok 4 - Scaffold_Cache_FileTest::Get_the_contents
ok 5 - Scaffold_Cache_FileTest::Delete_foo
ok 6 - Scaffold_Cache_FileTest::Get_default_value
ok 7 - Scaffold_Cache_FileTest::Set_array
ok 8 - Scaffold_Cache_FileTest::Get_array
ok 9 - Scaffold_Cache_FileTest::Delete_file_that_doesnt_exist
ok 10 - Scaffold_Cache_FileTest::Create_directory
ok 11 - Scaffold_Cache_FileTest::Find_directory
ok 12 - Scaffold_Cache_FileTest::Empty_directory
ok 13 - Scaffold_Cache_FileTest::Delete_directory
ok 14 - Scaffold_Cache_FileTest::Empty_out_the_entire_cache
ok 15 - Scaffold_Cache_FileTest::Check_expiration_with_a_max_age
ok 16 - Scaffold_ContainerTest::testSetupWithNoConfig
ok 17 - Scaffold_ContainerTest::testGetResponse
ok 18 - Scaffold_ContainerTest::testGetResponseEncoder
ok 19 - Scaffold_ContainerTest::testGetResponseCache
ok 20 - Scaffold_ContainerTest::testGetCache
ok 21 - Scaffold_ContainerTest::testBuild
ok 22 - Scaffold_Helper_CSSTest::Remove_inline_comments
ok 23 - Scaffold_Helper_CSSTest::Remove_new_lines_and_tabs
ok 24 - Scaffold_Helper_CSSTest::Remove_css_style_comments
ok 25 - Scaffold_Helper_CSSTest::Find_css_style_functions
ok 26 - Scaffold_Helper_CSSTest::testFind_atrule
not ok 27 - Scaffold_Helper_CSSTest::testRemove_atrule # TODO Incomplete Test
ok 28 - Scaffold_Helper_CSSTest::testRuleset_to_array
ok 29 - Scaffold_Helper_CSSTest::Rules_to_array_with_odd_characters
ok 30 - Scaffold_Helper_CSSTest::Find_selectors_with_property
ok 31 - Scaffold_Helper_CSSTest::Find_all_properties_with_a_value
ok 32 - Scaffold_Helper_CSSTest::Encode_a_selector_for_regex
ok 33 - Scaffold_Helper_CSSTest::Find_selectors
ok 34 - Scaffold_Helper_CSSTest::testFind_property
ok 35 - Scaffold_Helper_CSSTest::testSelector_exists
ok 36 - Scaffold_Helper_CSSTest::testRemove_properties_with_value
ok 37 - Scaffold_Helper_CSSTest::testRemove_properties
ok 38 - Scaffold_Response_CacheTest::testModified
ok 39 - Scaffold_Response_CacheTest::testMatched
ok 40 - Scaffold_Response_CacheTest::testNoEtag
ok 41 - Scaffold_Response_CacheTest::testGetModifiedSince
ok 42 - Scaffold_Response_CacheTest::testIE6ModifiedSince
ok 43 - Scaffold_Response_CacheTest::testGetEtags
ok 44 - Scaffold_Response_CacheTest::testValidNoCache
ok 45 - Scaffold_Response_CacheTest::test_OldModified_CurrentEtag
ok 46 - Scaffold_Response_CacheTest::test_OldModified_OldEtag
ok 47 - Scaffold_Response_CacheTest::test_CurrentModified_OldEtag
ok 48 - Scaffold_Response_CacheTest::testValidCache
ok 49 - Scaffold_Response_EncoderTest::testNoCompression
ok 50 - Scaffold_Response_EncoderTest::testCompressionLevelOne
ok 51 - Scaffold_Response_EncoderTest::testCompressionNegativeValue
ok 52 - Scaffold_Response_EncoderTest::testCompressionZeroValue
ok 53 - Scaffold_Response_EncoderTest::testCompressionTrue
ok 54 - Scaffold_Response_EncoderTest::testEncoding
ok 55 - Scaffold_Response_EncoderTest::testGzipEncode
ok 56 - Scaffold_Response_EncoderTest::testGzipDeflate
ok 57 - Scaffold_ResponseTest::Get_encoding
ok 58 - Scaffold_ResponseTest::Test_set_content_without_encoding
ok 59 - Scaffold_ResponseTest::Test_set_content_with_encoding
ok 60 - ScaffoldTest::simple_compile
ok 61 - Scaffold_Source_UrlTest::Get_the_url
ok 62 - Scaffold_Source_UrlTest::Get_the_id
ok 63 - Scaffold_Source_UrlTest::Get_a_url_that_fails
ok 64 - Scaffold_Extension_AbsoluteUrlsTest::test_up_directory
ok 65 - Scaffold_Extension_AbsoluteUrlsTest::test_unquote
ok 66 - Scaffold_Extension_AbsoluteUrlsTest::test_post_format
ok 67 - Scaffold_Extension_MinifyTest::test_post_format
ok 68 - Scaffold_Extension_MixinsTest::test_process
ok 69 - Scaffold_Extension_NestedSelectorsTest::test_process
ok 70 - Scaffold_Extension_SassTest::test_process
ok 71 - Scaffold_Extension_VariablesTest::test_process
ok 72 - Scaffold_Extension_XMLVariablesTest::test_variables_start
ok 73 - Scaffold_Extension_XMLVariablesTest::test_save
1..73
